Java HotSpot(TM) 64-Bit Server VM (25.301-b09) for windows-amd64 JRE (1.8.0_301-b09), built on Jun  9 2021 06:46:21 by "java_re" with MS VC++ 15.9 (VS2017)
Memory: 4k page, physical 12463168k(3335172k free), swap 18919112k(3821056k free)
CommandLine flags: -XX:InitialHeapSize=62914560 -XX:MaxHeapSize=62914560 -XX:+PrintGC -XX:+PrintGCDetails -XX:+PrintGCTimeStamps -XX:SurvivorRatio=8 -XX:+UseCompressedClassPointers -XX:+UseCompressedOops -XX:-UseLargePagesIndividualAllocation -XX:+UseParallelGC 
8.610: [GC (Allocation Failure) [PSYoungGen: 16350K->2020K(18432K)] 16350K->14242K(59392K), 0.0309408 secs] [Times: user=0.00 sys=0.00, real=0.03 secs] 
18.860: [GC (Allocation Failure) [PSYoungGen: 18345K->2036K(18432K)] 30567K->30584K(59392K), 0.0124231 secs] [Times: user=0.02 sys=0.03, real=0.01 secs] 
18.873: [Full GC (Ergonomics) [PSYoungGen: 2036K->0K(18432K)] [ParOldGen: 28548K->30478K(40960K)] 30584K->30478K(59392K), [Metaspace: 3804K->3804K(1056768K)], 0.0221795 secs] [Times: user=0.09 sys=0.00, real=0.02 secs] 
28.888: [Full GC (Ergonomics) [PSYoungGen: 16343K->6100K(18432K)] [ParOldGen: 30478K->40380K(40960K)] 46822K->46481K(59392K), [Metaspace: 3804K->3804K(1056768K)], 0.0180739 secs] [Times: user=0.03 sys=0.02, real=0.02 secs] 
Heap
 PSYoungGen      total 18432K, used 10779K [0x00000000fec00000, 0x0000000100000000, 0x0000000100000000)
  eden space 16384K, 65% used [0x00000000fec00000,0x00000000ff686c48,0x00000000ffc00000)
  from space 2048K, 0% used [0x00000000ffe00000,0x00000000ffe00000,0x0000000100000000)
  to   space 2048K, 0% used [0x00000000ffc00000,0x00000000ffc00000,0x00000000ffe00000)
 ParOldGen       total 40960K, used 40380K [0x00000000fc400000, 0x00000000fec00000, 0x00000000fec00000)
  object space 40960K, 98% used [0x00000000fc400000,0x00000000feb6f348,0x00000000fec00000)
 Metaspace       used 3811K, capacity 4536K, committed 4864K, reserved 1056768K
  class space    used 420K, capacity 428K, committed 512K, reserved 1048576K
